# Build failure log (tail -300)
emmake: "make" in "/home/runner/work/WebUI-debug-dev/WebUI-debug-dev/emcc_workflow/xroar-1.12.1-pristine"
make  all-recursive
make[1]: Entering directory '/home/runner/work/WebUI-debug-dev/WebUI-debug-dev/emcc_workflow/xroar-1.12.1-pristine'
Making all in portalib
make[2]: Entering directory '/home/runner/work/WebUI-debug-dev/WebUI-debug-dev/emcc_workflow/xroar-1.12.1-pristine/portalib'
  CC       c-ctype.o
  CC       c-strcasecmp.o
  CC       c-strncasecmp.o
  CC       delegate.o
  CC       intfuncs.o
  CC       pl-estrcpy.o
  CC       sds.o
  CC       sdsx.o
  CC       slist.o
  CC       strnlen.o
  CC       strsep.o
  CC       xmalloc.o
  AR       libporta.a
make[2]: Leaving directory '/home/runner/work/WebUI-debug-dev/WebUI-debug-dev/emcc_workflow/xroar-1.12.1-pristine/portalib'
Making all in src
make[2]: Entering directory '/home/runner/work/WebUI-debug-dev/WebUI-debug-dev/emcc_workflow/xroar-1.12.1-pristine/src'
../tools/win2rc -o windows32/resources.h -h -m XROAR_WINDOWS_RESOURCES_H_ windows32/resources.win
/bin/bash: line 1: ../tools/win2rc: Permission denied
make[2]: *** [Makefile:4631: windows32/resources.h] Error 126
make[2]: Leaving directory '/home/runner/work/WebUI-debug-dev/WebUI-debug-dev/emcc_workflow/xroar-1.12.1-pristine/src'
make[1]: *** [Makefile:447: all-recursive] Error 1
make[1]: Leaving directory '/home/runner/work/WebUI-debug-dev/WebUI-debug-dev/emcc_workflow/xroar-1.12.1-pristine'
make: *** [Makefile:388: all] Error 2
